........................................................................ [ 34%]
........................................................................ [ 69%]
...............................................................          [100%]
207 passed in 0.75s
